--- a/tests/test_pymend/refs/force_option.py
+++ b/tests/test_pymend/refs/force_option.py
@@ -6,9 +6,9 @@
 
     Parameters
     ----------
-    x : int
+    x
         First param.
-    y : str
+    y
         Second param.
 
     Returns
@@ -24,9 +24,9 @@
 
     Parameters
     ----------
-    x : _type_
+    x
         First param.
-    y : _type_
+    y
         Second param.
     """
     pass
@@ -37,9 +37,9 @@
 
     Parameters
     ----------
-    x : wrong
+    x
         First param.
-    y : also_wrong
+    y
         Second param.
 
     Returns
@@ -55,9 +55,9 @@
 
     Parameters
     ----------
-    x : int
+    x
         First param.
-    y : str
+    y
         Second param.
     """
     pass
@@ -86,22 +86,46 @@
 
     Parameters
     ----------
-    x : int
+    x
         Input value.
 
     Returns
     -------
-    str
+    int
         The result.
     """
     return x
 
 
 def no_docstring_typed(x: int) -> str:
+    """_summary_.
+
+    Parameters
+    ----------
+    x
+        _description_
+
+    Returns
+    -------
+    str
+        _description_
+    """
     return "hello"
 
 
 def no_docstring_untyped(x):
+    """_summary_.
+
+    Parameters
+    ----------
+    x
+        _description_
+
+    Returns
+    -------
+    _type_
+        _description_
+    """
     return x
 
 
@@ -110,7 +134,7 @@
 
     Parameters
     ----------
-    x : int
+    x
         Input value.
 
     Returns
