--- a/tests/test_pymend/refs/yields.py
+++ b/tests/test_pymend/refs/yields.py
@@ -10,10 +10,14 @@
         Something
     b : int
         Something else
+    c : _type_
+        _description_
 
     Yields
     ------
     x : int
+        _description_
+    y : _type_
         _description_
     z : str
         desc.
@@ -30,6 +34,11 @@
     -------
     _type_
         desc
+
+    Yields
+    ------
+    _type_
+        _description_
     """
     if False:
         return a
@@ -41,14 +50,20 @@
 
     Returns
     -------
-    _type_
+    str
         desc
     """
     return a
 
 
 def generator() -> Iterable[str]:
-    """_summary_."""
+    """_summary_.
+
+    Yields
+    ------
+    str
+        _description_
+    """
     yield "test"
 
 
@@ -57,14 +72,25 @@
 
     Yields
     ------
-    Nope
+    str
         _description_
     """
     pass
 
 
 def generator() -> Generator[int, float, str]:
-    """_summary_."""
+    """_summary_.
+
+    Returns
+    -------
+    str
+        _description_
+
+    Yields
+    ------
+    int
+        _description_
+    """
     if False:
         return a
     yield b
@@ -77,12 +103,12 @@
 
     Returns
     -------
-    _type_
-        desc
-
-    Yields
-    ------
-    _type_
+    str
+        desc
+
+    Yields
+    ------
+    int
         desc
     """
     if False:
@@ -97,8 +123,13 @@
 
     Returns
     -------
-    _type_
-        desc
+    str
+        desc
+
+    Yields
+    ------
+    int
+        _description_
     """
     if False:
         return a
@@ -110,9 +141,14 @@
 def generator_gen_yields_only() -> Generator[int, float, str]:
     """_summary_.
 
-    Yields
-    ------
-    _type_
+    Returns
+    -------
+    str
+        _description_
+
+    Yields
+    ------
+    int
         desc
     """
     if False:
@@ -151,6 +187,11 @@
 def generator_plain_yields_only() -> str:
     """_summary_.
 
+    Returns
+    -------
+    str
+        _description_
+
     Yields
     ------
     _type_
@@ -164,7 +205,18 @@
 # Y8: Plain annotation, neither section.
 #     Returns added (type str). Yields added (type _type_).
 def generator_plain_none() -> str:
-    """_summary_."""
+    """_summary_.
+
+    Returns
+    -------
+    str
+        _description_
+
+    Yields
+    ------
+    _type_
+        _description_
+    """
     if False:
         return a
     yield b
@@ -197,6 +249,11 @@
     -------
     _type_
         desc
+
+    Yields
+    ------
+    _type_
+        _description_
     """
     if False:
         return a
@@ -207,6 +264,11 @@
 def generator_none_yields_only():
     """_summary_.
 
+    Returns
+    -------
+    _type_
+        _description_
+
     Yields
     ------
     _type_
@@ -219,7 +281,18 @@
 
 # Y12: No annotation, neither section. Both added.
 def generator_none_none():
-    """_summary_."""
-    if False:
-        return a
-    yield b
+    """_summary_.
+
+    Returns
+    -------
+    _type_
+        _description_
+
+    Yields
+    ------
+    _type_
+        _description_
+    """
+    if False:
+        return a
+    yield b
